// Jest Snapshot v1, https://jestjs.io/docs/snapshot-testing

exports[`HomeScreen matches snapshot 1`] = `
<NavigationContainer>
  <ScrollView
    contentInsetAdjustmentBehavior="automatic"
  >
    <View
      style={
        {
          "alignItems": "center",
          "padding": 20,
        }
      }
    >
      <Text
        style={
          [
            {
              "color": "rgba(255, 255, 255, 1)",
              "fontFamily": "Poppins_Bold",
              "fontSize": 28,
            },
            {
              "color": "rgba(51, 51, 51, 1)",
              "marginBottom": 10,
              "textAlign": "center",
            },
          ]
        }
      >
        Welcome to Foodime!
      </Text>
      <Text
        style={
          [
            {
              "color": "rgba(255, 255, 255, 1)",
              "fontFamily": "Poppins_Bold",
              "fontSize": 18,
            },
            {
              "color": "rgba(158, 158, 158, 1)",
              "marginBottom": 20,
              "textAlign": "center",
            },
          ]
        }
      >
        Your mobile app is ready
      </Text>
      <Text
        style={
          [
            {
              "color": "rgba(255, 255, 255, 1)",
              "fontFamily": "Poppins_Regular",
              "fontSize": 16,
            },
            {
              "color": "rgba(68, 68, 68, 1)",
              "lineHeight": 24,
              "marginBottom": 30,
              "textAlign": "center",
            },
          ]
        }
      >
        This is your React Native app with Expo, integrated into the Foodime monorepo.
      </Text>
      <View
        style={
          {
            "alignSelf": "stretch",
            "backgroundColor": "rgba(245, 245, 245, 1)",
            "borderRadius": 10,
            "padding": 20,
          }
        }
      >
        <Text
          style={
            [
              {
                "color": "rgba(255, 255, 255, 1)",
                "fontFamily": "Poppins_Bold",
                "fontSize": 18,
              },
              {
                "color": "rgba(51, 51, 51, 1)",
                "marginBottom": 15,
              },
            ]
          }
        >
          Features included:
        </Text>
        <Text
          style={
            [
              {
                "color": "rgba(255, 255, 255, 1)",
                "fontFamily": "Poppins_Regular",
                "fontSize": 16,
              },
              {
                "color": "rgba(68, 68, 68, 1)",
                "lineHeight": 22,
                "marginBottom": 8,
              },
            ]
          }
        >
          â€¢ React Navigation
        </Text>
        <Text
          style={
            [
              {
                "color": "rgba(255, 255, 255, 1)",
                "fontFamily": "Poppins_Regular",
                "fontSize": 16,
              },
              {
                "color": "rgba(68, 68, 68, 1)",
                "lineHeight": 22,
                "marginBottom": 8,
              },
            ]
          }
        >
          â€¢ Safe Area handling
        </Text>
        <Text
          style={
            [
              {
                "color": "rgba(255, 255, 255, 1)",
                "fontFamily": "Poppins_Regular",
                "fontSize": 16,
              },
              {
                "color": "rgba(68, 68, 68, 1)",
                "lineHeight": 22,
                "marginBottom": 8,
              },
            ]
          }
        >
          â€¢ TypeScript support
        </Text>
        <Text
          style={
            [
              {
                "color": "rgba(255, 255, 255, 1)",
                "fontFamily": "Poppins_Regular",
                "fontSize": 16,
              },
              {
                "color": "rgba(68, 68, 68, 1)",
                "lineHeight": 22,
                "marginBottom": 8,
              },
            ]
          }
        >
          â€¢ ESLint configuration
        </Text>
        <Text
          style={
            [
              {
                "color": "rgba(255, 255, 255, 1)",
                "fontFamily": "Poppins_Regular",
                "fontSize": 16,
              },
              {
                "color": "rgba(68, 68, 68, 1)",
                "lineHeight": 22,
                "marginBottom": 8,
              },
            ]
          }
        >
          â€¢ Shared UI components
        </Text>
        <Text
          style={
            [
              {
                "color": "rgba(255, 255, 255, 1)",
                "fontFamily": "Poppins_Regular",
                "fontSize": 16,
              },
              {
                "color": "rgba(68, 68, 68, 1)",
                "lineHeight": 22,
                "marginBottom": 8,
              },
            ]
          }
        >
          â€¢ Monorepo integration
        </Text>
      </View>
      <TouchableOpacity
        onPress={[Function]}
        style={
          {
            "backgroundColor": "rgba(0, 122, 255, 1)",
            "borderRadius": 25,
            "elevation": 5,
            "marginTop": 30,
            "paddingHorizontal": 30,
            "paddingVertical": 15,
            "shadowColor": "rgba(0, 0, 0, 1)",
            "shadowOffset": {
              "height": 2,
              "width": 0,
            },
            "shadowOpacity": 0.25,
            "shadowRadius": 3.84,
          }
        }
      >
        <Text
          style={
            [
              {
                "color": "rgba(255, 255, 255, 1)",
                "fontFamily": "Poppins_Bold",
                "fontSize": 18,
              },
              {
                "color": "rgba(255, 255, 255, 1)",
                "fontSize": 18,
                "fontWeight": "600",
                "textAlign": "center",
              },
            ]
          }
        >
          Test App ðŸš€
        </Text>
      </TouchableOpacity>
      <TouchableOpacity
        onPress={[Function]}
        style={
          {
            "backgroundColor": "rgba(0, 122, 255, 1)",
            "borderRadius": 25,
            "elevation": 5,
            "marginTop": 30,
            "paddingHorizontal": 30,
            "paddingVertical": 15,
            "shadowColor": "rgba(0, 0, 0, 1)",
            "shadowOffset": {
              "height": 2,
              "width": 0,
            },
            "shadowOpacity": 0.25,
            "shadowRadius": 3.84,
          }
        }
      >
        <Text
          style={
            [
              {
                "color": "rgba(255, 255, 255, 1)",
                "fontFamily": "Poppins_Bold",
                "fontSize": 18,
              },
              {
                "color": "rgba(255, 255, 255, 1)",
                "fontSize": 18,
                "fontWeight": "600",
                "textAlign": "center",
              },
            ]
          }
        >
          goToRegister
        </Text>
      </TouchableOpacity>
      <View
        style={
          {
            "margin": 30,
            "textAlign": "center",
          }
        }
      >
        <Button
          onPress={[Function]}
          title="changeLanguage"
        />
      </View>
    </View>
  </ScrollView>
</NavigationContainer>
`;
